4faa78c22ee35083e49b65601698a1bd98a87a0f
OK
535
494
500
498
509
