4faa78c22ee35083e49b65601698a1bd98a87a0f
OK
655368480
979089518
133738288
486298234
70832346
