4faa78c22ee35083e49b65601698a1bd98a87a0f
OK
846777934
543886020
117265458
170290282
281705356
