4faa78c22ee35083e49b65601698a1bd98a87a0f
OK
747493058
75435678
304852326
580470868
792077662
