4faa78c22ee35083e49b65601698a1bd98a87a0f
OK
933758984
95006268
317881142
882413916
585663928
