4faa78c22ee35083e49b65601698a1bd98a87a0f
OK
814713862
179971074
530108958
172714996
724155456
