4faa78c22ee35083e49b65601698a1bd98a87a0f
OK
10265418
663812742
838804900
935588604
32034942
