4faa78c22ee35083e49b65601698a1bd98a87a0f
OK
230025634
903738266
10382050
690967620
797613426
