4faa78c22ee35083e49b65601698a1bd98a87a0f
OK
486
458
478
508
512
