4faa78c22ee35083e49b65601698a1bd98a87a0f
OK
331823726
717282174
897711128
622871150
337192684
