4faa78c22ee35083e49b65601698a1bd98a87a0f
OK
588565178
31154578
152598054
815496242
903968456
