4faa78c22ee35083e49b65601698a1bd98a87a0f
OK
525
474
526
475
521
