4faa78c22ee35083e49b65601698a1bd98a87a0f
OK
216372980
926486360
572278876
442949060
582680282
