4faa78c22ee35083e49b65601698a1bd98a87a0f
OK
860608712
828138786
455393642
548429080
972077788
