4faa78c22ee35083e49b65601698a1bd98a87a0f
OK
319941708
871406470
716326204
656940502
100714900
