91041670623a69783795ed82bda33426101ce311
OK
1
6
0 3 199999 0 3 199999
