91041670623a69783795ed82bda33426101ce311
OK
1
132
180 196 120 166 152 94 170 6 162 80 134 78 192 184 190 14 150 84 74 2 174 154 86 38 56 12 98 186 124 104 136 30 142 16 144 114 128 68 122 50 24 40 106 42 178 64 132 126 112 188 20 176 118 130 194 46 4 36 66 8 18 72 26 27 158 159 27 26 159 158 72 18 8 66 36 4 46 194 130 118 176 20 188 112 126 132 64 178 42 106 40 24 50 122 68 128 114 144 16 142 30 136 104 124 186 98 12 56 38 86 154 174 2 74 84 150 14 190 184 192 78 134 80 162 6 170 94 152 166 120 196 180
