91041670623a69783795ed82bda33426101ce311
OK
1
36
0 82 40 48 12 156 138 98 50 102 62 63 84 42 18 19 42 84 63 62 84 42 19 18 42 84 102 50 98 138 156 12 48 40 82 0
