91041670623a69783795ed82bda33426101ce311
OK
1
16
194 195 97235 1170 139 138 1170 97235 195 194 97235 1170 138 139 1170 97235
