91041670623a69783795ed82bda33426101ce311
OK
1
24
957 222 207 206 222 957 78905 1303 246 247 1303 78905 957 222 206 207 222 957 78905 1303 247 246 1303 78905
