91041670623a69783795ed82bda33426101ce311
OK
1
10
276 152 28 42 277 276 42 28 152 277
