91041670623a69783795ed82bda33426101ce311
OK
1
36
1186 626 3938 2854 1162 1360 3702 2664 2908 248 218 3702 1360 1162 2854 3938 626 1186 1187 626 3938 2854 1162 1360 3702 218 248 2908 2664 3702 1360 1162 2854 3938 626 1187
