91041670623a69783795ed82bda33426101ce311
OK
1
18
18940 34826 166560 43734 52228 114 166560 34826 18940 18941 34826 166560 114 52228 43734 166560 34826 18941
