91041670623a69783795ed82bda33426101ce311
OK
1
178
582 0 270 3148 3516 3408 2398 3316 3046 2938 2850 1834 3086 792 162 1340 3584 2830 1736 942 3538 802 2184 934 2796 1610 1496 2658 188 2624 2304 2406 1552 1306 2202 2416 2284 1632 2024 24 1722 1486 2514 1116 3020 3080 3072 2724 2264 3282 2438 2434 2934 166 2666 524 78 3472 744 1186 1152 1634 2368 3106 3292 3172 88 2936 608 758 730 1804 1232 684 3372 3374 660 450 1562 142 1706 2522 3042 2172 1854 2780 1170 3048 583 582 3048 1170 2780 1854 2172 3042 2522 1706 142 1562 450 660 3374 3372 684 1232 1804 730 758 608 2936 88 3172 3292 3106 2368 1634 1152 1186 744 3472 78 524 2666 166 2934 2434 2438 3282 2264 2724 3072 3080 3020 1116 2514 1486 1722 24 2024 1632 2284 2416 2202 1306 1552 2406 2304 2624 188 2658 1496 1610 2796 934 2184 802 3538 942 1736 2830 3584 1340 162 792 3086 1834 2850 2938 3046 3316 2398 3408 3516 3148 270 0 583
