91041670623a69783795ed82bda33426101ce311
OK
1
16
6 2 8 0 4 8 2 6 7 2 8 4 0 8 2 7
