91041670623a69783795ed82bda33426101ce311
OK
1
30
1730 0 2052 62 1002 822 2726 3782 1814 2266 890 2462 3828 3086 1731 1730 3086 3828 2462 890 2266 1814 3782 2726 822 1002 62 2052 0 1731
