91041670623a69783795ed82bda33426101ce311
OK
1
16
3680 6 1508 1986 2988 1508 6 3680 3681 6 1508 2988 1986 1508 6 3681
