91041670623a69783795ed82bda33426101ce311
OK
1
62
1564 1592 924 2764 3708 2854 136 420 2806 1692 206 2858 1068 3090 1846 1008 1984 2448 1068 2858 206 1692 2806 420 136 2854 3708 2764 924 1592 1564 1565 1592 924 2764 3708 2854 136 420 2806 1692 206 2858 1068 2448 1984 1008 1846 3090 1068 2858 206 1692 2806 420 136 2854 3708 2764 924 1592 1565
