91041670623a69783795ed82bda33426101ce311
OK
1
8
34 774 16 34 35 16 774 35
