91041670623a69783795ed82bda33426101ce311
OK
1
34
1054 604 1748 1084 1704 1776 684 1742 308 450 1028 1776 1704 1084 1748 604 1054 1055 604 1748 1084 1704 1776 1028 450 308 1742 684 1776 1704 1084 1748 604 1055
