91041670623a69783795ed82bda33426101ce311
OK
1
6
28592 4776 28593 28592 4776 28593
