91041670623a69783795ed82bda33426101ce311
OK
1
102
91868 124792 4712 20042 77006 96828 6242 54200 6080 15986 88836 68198 124238 39114 51620 20432 140214 156490 169354 30996 157238 76804 163538 93512 94448 123856 17760 137408 99082 54482 39438 152370 108244 129158 45230 1268 77000 3852 15804 68198 88836 15986 6080 54200 6242 96828 77006 20042 4712 124792 91868 91869 124792 4712 20042 77006 96828 6242 54200 6080 15986 88836 68198 15804 3852 77000 1268 45230 129158 108244 152370 39438 54482 99082 137408 17760 123856 94448 93512 163538 76804 157238 30996 169354 156490 140214 20432 51620 39114 124238 68198 88836 15986 6080 54200 6242 96828 77006 20042 4712 124792 91869
