91041670623a69783795ed82bda33426101ce311
OK
1
20
50 3742 164916 274 2888 3742 50 189901 114 862 800 3742 2888 274 164916 3742 800 862 114 189901
