91041670623a69783795ed82bda33426101ce311
OK
1
40
38 1116 1304 1670 1140 4304 6924 20314 36002 30334 186242 3900 9994 93446 168176 30334 36002 20314 6924 4304 1140 1670 1304 1116 38 189179 44894 122256 82068 30334 168176 93446 9994 3900 186242 30334 82068 122256 44894 189179
