91041670623a69783795ed82bda33426101ce311
OK
1
76
90808 17444 183874 123236 132182 88472 126390 78546 4524 22962 136066 88978 44832 67776 88214 118912 18822 23554 185380 176884 155302 36614 25234 61824 173438 72962 28102 70482 41840 143404 420 126390 88472 132182 123236 183874 17444 90808 90809 17444 183874 123236 132182 88472 126390 420 143404 41840 70482 28102 72962 173438 61824 25234 36614 155302 176884 185380 23554 18822 118912 88214 67776 44832 88978 136066 22962 4524 78546 126390 88472 132182 123236 183874 17444 90809
