91041670623a69783795ed82bda33426101ce311
OK
1
128
198 2594 342 2342 88 1740 2284 472 4180 1228 316 2764 1112 1208 1704 1060 802 128 4838 946 48 1216 140 310 3394 2066 5386 3224 2804 956 1330 846 3548 312 3968 3808 2014 1314 892 716 4350 1016 604 1244 36 2284 1740 88 2342 342 2594 198 79629 868 1192 612 2158 12542 1290 362 1912 3490 2810 646 1464 22 722 548 330 20 572 312 3548 846 1330 956 2804 3224 5386 2066 3394 310 140 1216 48 946 4838 128 802 1060 1704 1208 1112 2764 316 1228 4180 472 36 1244 604 1016 4350 716 892 1314 2014 3808 3968 572 20 330 548 722 22 1464 646 2810 3490 1912 362 1290 12542 2158 612 1192 868 79629
