91041670623a69783795ed82bda33426101ce311
OK
1
8
3 0 2 1 0 2 1 3
