91041670623a69783795ed82bda33426101ce311
OK
1
12
2 1 0 5 3 0 4 3 5 4 1 2
