91041670623a69783795ed82bda33426101ce311
OK
1
8
105691 21337 168378 185674 21337 168378 185674 105691
