91041670623a69783795ed82bda33426101ce311
OK
1
20
0 7 6 5 3 2 1 4 8 1 2 3 5 6 7 0 1 8 4 1
