91041670623a69783795ed82bda33426101ce311
OK
1
12
2 14 8 13 7 8 14 2 3 13 7 3
