91041670623a69783795ed82bda33426101ce311
OK
1
26
2 1 8 7 4 1 2 3 6 0 5 6 3 2 1 4 7 8 1 2 3 6 5 0 6 3
