91041670623a69783795ed82bda33426101ce311
OK
1
12
3 2 79 0 1 79 2 3 79 1 0 79
