91041670623a69783795ed82bda33426101ce311
OK
1
12
67 66 159535 21 20 159535 66 67 159535 20 21 159535
