91041670623a69783795ed82bda33426101ce311
OK
1
8
1 0 3 2 0 1 2 3
