d42f2a420c2a91c29a00736354e52427eecfabae
OK
1
0 -1 1 1
1 -2 -2 -1
