d42f2a420c2a91c29a00736354e52427eecfabae
OK
6
0 -1 1 1 1 1 1 1 1 1 1 1 2 2 2 2 2 2 2 2 2 2 3 3 3 3 3 3 3 3
1 -2 -2 4 4 4 4 5 5 5 5 -1 -1 -1 -1 -1 -1 -1 -1 -1 -1 -1 -1 -1 -1 -1 -1 -1 -1 -1
1 -2 -2 -2 -2 -2 -2 -2 -2 -2 -2 -2 -2 4 4 4 4 5 5 5 5 -1 -1 -1 -1 -1 -1 -1 -1 -1
1 -2 -2 -2 -2 -2 -2 -2 -2 -2 -2 -2 -2 -2 -2 -2 -2 -2 -2 -2 -2 -2 -2 4 4 4 4 5 5 5
0 -1 -1 -1 6 6 -2 -2 -2 -2 -2 -2 -1 -1 6 6 -2 -2 -2 -2 -2 -2 -1 -1 6 6 -2 -2 -2 -2
0 -1 -1 -1 -1 -1 -1 -1 6 6 -2 -2 -1 -1 -1 -1 -1 -1 6 6 -2 -2 -1 -1 -1 -1 -1 -1 6 6
1 -2 -2 -2 -2 -1 -1 -2 -2 -1 -1 -1 -2 -2 -2 -1 -1 -2 -2 -1 -1 -1 -2 -2 -2 -1 -1 -2 -2 -1
