d42f2a420c2a91c29a00736354e52427eecfabae
OK
5
0 -1 1 1 1 1 1 1 1 1 1 1 2 2 2 2 2 2 2 2 2 2 -2
1 -2 -2 3 3 3 3 4 4 4 4 -1 -1 -1 -1 -1 -1 -1 -1 -1 -1 -1 -1
1 -2 -2 -2 -2 -2 -2 -2 -2 -2 -2 -2 -2 3 3 3 3 4 4 4 4 -1 -1
0 -1 -1 -1 5 5 -2 -2 -2 -2 -2 -2 -1 -1 5 5 -2 -2 -2 -2 -2 -2 -2
0 -1 -1 -1 -1 -1 -1 -1 5 5 -2 -2 -1 -1 -1 -1 -1 -1 5 5 -2 -2 -2
1 -2 -2 -2 -2 -1 -1 -2 -2 -1 -1 -1 -2 -2 -2 -1 -1 -2 -2 -1 -1 -1 -1
